User@DESKTOP-VAPVGGA MINGW64 ~
$ git --version
git version 2.39.2.windows.1

User@DESKTOP-VAPVGGA MINGW64 ~
$ mkdir test

User@DESKTOP-VAPVGGA MINGW64 ~
$  cd test

User@DESKTOP-VAPVGGA MINGW64 ~/test
$ git init
Initialized empty Git repository in C:/Users/User/test/.git/

User@DESKTOP-VAPVGGA MINGW64 ~/test (master)
$ git status
On branch master

No commits yet

Untracked files:
  (use "git add <file>..." to include in what will be committed)
        hello.txt

nothing added to commit but untracked files present (use "git add" to track)

User@DESKTOP-VAPVGGA MINGW64 ~/test (master)
$ git add hello.txt

User@DESKTOP-VAPVGGA MINGW64 ~/test (master)
$ git commit -m "pag sure dra bay"
Author identity unknown

*** Please tell me who you are.

Run

  git config --global user.email "you@example.com"
  git config --global user.name "Your Name"

to set your account's default identity.
Omit --global to set the identity only in this repository.

fatal: unable to auto-detect email address (got 'User@DESKTOP-VAPVGGA.(none)')

User@DESKTOP-VAPVGGA MINGW64 ~/test (master)
$ git congig --global user.username kiking123
git: 'congig' is not a git command. See 'git --help'.

The most similar command is
        config

User@DESKTOP-VAPVGGA MINGW64 ~/test (master)
$ git config --global user.username kiking123

User@DESKTOP-VAPVGGA MINGW64 ~/test (master)
$ gi

User@DESKTOP-VAPVGGA MINGW64 ~/test (master)
$ git push origin master
error: src refspec master does not match any
error: failed to push some refs to 'https://github.com/kiking123/sample_pre.gi

User@DESKTOP-VAPVGGA MINGW64 ~/test (master)
$ git remote add origin https://github.com/kiking123/sample_pre.git
error: remote origin already exists.

User@DESKTOP-VAPVGGA MINGW64 ~/test (master)
$ git push origin master
error: src refspec master does not match any
error: failed to push some refs to 'https://github.com/kiking123/sample_pre.gi

User@DESKTOP-VAPVGGA MINGW64 ~/test (master)
$ git remote add origin https://github.com/kiking123/txt_sample.git
error: remote origin already exists.

User@DESKTOP-VAPVGGA MINGW64 ~/test (master)
$ git push -u origin master
error: src refspec master does not match any
error: failed to push some refs to 'https://github.com/kiking123/sample_pre.gi

User@DESKTOP-VAPVGGA MINGW64 ~/test (master)
$ git push -u origin main
error: src refspec main does not match any
error: failed to push some refs to 'https://github.com/kiking123/sample_pre.gi

User@DESKTOP-VAPVGGA MINGW64 ~/test (master)
$ git pull --rebase origin master
fatal: Updating an unborn branch with changes added to the index.

User@DESKTOP-VAPVGGA MINGW64 ~/test (master)
$ git push -u origin master
error: src refspec master does not match any
error: failed to push some refs to 'https://github.com/kiking123/sample_pre.gi

User@DESKTOP-VAPVGGA MINGW64 ~/test (master)
$ git pull --rebase origin master
fatal: Updating an unborn branch with changes added to the index.

User@DESKTOP-VAPVGGA MINGW64 ~/test (master)
$  git add demo.txt
fatal: pathspec 'demo.txt' did not match any files

User@DESKTOP-VAPVGGA MINGW64 ~/test (master)
$ git add hello.txt

User@DESKTOP-VAPVGGA MINGW64 ~/test (master)
$ git commit -m "committing a text file"
Author identity unknown

*** Please tell me who you are.

Run

  git config --global user.email "you@example.com"
  git config --global user.name "Your Name"

to set your account's default identity.
Omit --global to set the identity only in this repository.

fatal: unable to auto-detect email address (got 'User@DESKTOP-VAPVGGA.(none)')

User@DESKTOP-VAPVGGA MINGW64 ~/test (master)
$ git status
On branch master

No commits yet

Changes to be committed:
  (use "git rm --cached <file>..." to unstage)
        new file:   hello.txt


User@DESKTOP-VAPVGGA MINGW64 ~/test (master)
$ ^C

User@DESKTOP-VAPVGGA MINGW64 ~/test (master)
$ ^C

User@DESKTOP-VAPVGGA MINGW64 ~/test (master)
$


User@DESKTOP-VAPVGGA MINGW64 ~/test (master)
$

User@DESKTOP-VAPVGGA MINGW64 ~/test (master)
$ git config --global user.email "bunarodericka@gmail.com"

User@DESKTOP-VAPVGGA MINGW64 ~/test (master)
$ git config --local user.name "kingshow123"

User@DESKTOP-VAPVGGA MINGW64 ~/test (master)
$ git config --list
diff.astextplain.textconv=astextplain
filter.lfs.clean=git-lfs clean -- %f
filter.lfs.smudge=git-lfs smudge -- %f
filter.lfs.process=git-lfs filter-process
filter.lfs.required=true
http.sslbackend=openssl
http.sslcainfo=C:/Program Files/Git/mingw64/ssl/certs/ca-bundle.crt
core.autocrlf=true
core.fscache=true
core.symlinks=false
pull.rebase=false
credential.helper=manager
credential.https://dev.azure.com.usehttppath=true
init.defaultbranch=master
user.username=kiking123
user.email=bunarodericka@gmail.com
core.repositoryformatversion=0
core.filemode=false
core.bare=false
core.logallrefupdates=true
core.symlinks=false
core.ignorecase=true
remote.origin.url=https://github.com/kiking123/sample_pre.git
remote.origin.fetch=+refs/heads/*:refs/remotes/origin/*
user.name=kin

-----------git branch and git merge----


User@DESKTOP-VAPVGGA MINGW64 ~ (master)
$ cd test

User@DESKTOP-VAPVGGA MINGW64 ~/test (master)
$ cd test

User@DESKTOP-VAPVGGA MINGW64 ~/test/test (main)
$ git clone https://github.com/kiking123/sample-to-pre.git
Cloning into 'sample-to-pre'...
remote: Enumerating objects: 46, done.
remote: Counting objects: 100% (46/46), done.
remote: Compressing objects: 100% (32/32), done.
remote: Total 46 (delta 4), reused 46 (delta 4), pack-reused 0
Receiving objects: 100% (46/46), 1.00 MiB | 3.24 MiB/s, done.
Resolving deltas: 100% (4/4), done.

User@DESKTOP-VAPVGGA MINGW64 ~/test/test (main)
$ git pull
remote: Enumerating objects: 5, done.
remote: Counting objects: 100% (5/5), done.
remote: Compressing objects: 100% (1/1), done.
remote: Total 4 (delta 1), reused 4 (delta 1), pack-reused 0
Unpacking objects: 100% (4/4), 332 bytes | 10.00 KiB/s, done.
From https://github.com/kiking123/sample-to-pre
   f7a92ff..ba82406  master     -> origin/master
Updating f7a92ff..ba82406
Fast-forward
 asdasdasd.txt | 1 +
 hahaha.txt    | 0
 jejejeje.txt  | 1 +
 3 files changed, 2 insertions(+)
 create mode 100644 asdasdasd.txt
 create mode 100644 hahaha.txt
 create mode 100644 jejejeje.txt

User@DESKTOP-VAPVGGA MINGW64 ~/test/test (main)
$

User@DESKTOP-VAPVGGA MINGW64 ~/test/test (main)
$

User@DESKTOP-VAPVGGA MINGW64 ~/test/test (main)
$ cd sample-to-pre

User@DESKTOP-VAPVGGA MINGW64 ~/test/test/sample-to-pre (master)
$ git branch
* master

User@DESKTOP-VAPVGGA MINGW64 ~/test/test/sample-to-pre (master)
$ git branch new

User@DESKTOP-VAPVGGA MINGW64 ~/test/test/sample-to-pre (master)
$ git checkout new
Switched to branch 'new'
M       hahaha.txt

User@DESKTOP-VAPVGGA MINGW64 ~/test/test/sample-to-pre (new)
$ git branch
  master
* new

User@DESKTOP-VAPVGGA MINGW64 ~/test/test/sample-to-pre (new)
$ git add -A

User@DESKTOP-VAPVGGA MINGW64 ~/test/test/sample-to-pre (new)
$ git commit -m "bag-o nasad"
[new a2213dc] bag-o nasad
 2 files changed, 5 insertions(+)
 create mode 100644 hi.txt

User@DESKTOP-VAPVGGA MINGW64 ~/test/test/sample-to-pre (new)
$ git status
On branch new
nothing to commit, working tree clean

User@DESKTOP-VAPVGGA MINGW64 ~/test/test/sample-to-pre (new)
$ git checkout master
Switched to branch 'master'
Your branch is up to date with 'origin/master'.

User@DESKTOP-VAPVGGA MINGW64 ~/test/test/sample-to-pre (master)
$

User@DESKTOP-VAPVGGA MINGW64 ~/test/test/sample-to-pre (master)
$ git branch
* master
  new

User@DESKTOP-VAPVGGA MINGW64 ~/test/test/sample-to-pre (master)
$ git merge new
Updating ba82406..a2213dc
Fast-forward
 hahaha.txt | 5 +++++
 hi.txt     | 0
 2 files changed, 5 insertions(+)
 create mode 100644 hi.txt

User@DESKTOP-VAPVGGA MINGW64 ~/test/test/sample-to-pre (master)
$

User@DESKTOP-VAPVGGA MINGW64 ~/test/test/sample-to-pre (master)
$ git push
Enumerating objects: 5, done.
Counting objects: 100% (5/5), done.
Delta compression using up to 4 threads
Compressing objects: 100% (2/2), done.
Writing objects: 100% (3/3), 288 bytes | 288.00 KiB/s, done.
Total 3 (delta 1), reused 0 (delta 0), pack-reused 0
remote: Resolving deltas: 100% (1/1), completed with 1 local object.
To https://github.com/kiking123/sample-to-pre.git
   ba82406..a2213dc  master -> master

User@DESKTOP-VAPVGGA MINGW64 ~/test/test/sample-to-pre (master)
$

User@DESKTOP-VAPVGGA MINGW64 ~/test/test/sample-to-pre (master)
$ ^C


User@DESKT

-----------------------------------------------


User@DESKTOP-VAPVGGA MINGW64 ~ (master)
$ CD test
bash: CD: command not found

User@DESKTOP-VAPVGGA MINGW64 ~ (master)
$ cd test

User@DESKTOP-VAPVGGA MINGW64 ~/test (master)
$ cd sample-to-pre
bash: cd: sample-to-pre: No such file or directory

User@DESKTOP-VAPVGGA MINGW64 ~/test (master)
$ cd sample-to-pre
bash: cd: sample-to-pre: No such file or directory

User@DESKTOP-VAPVGGA MINGW64 ~/test (master)
$ cd ..

User@DESKTOP-VAPVGGA MINGW64 ~ (master)
$ cd test

User@DESKTOP-VAPVGGA MINGW64 ~/test (master)
$ cd test

User@DESKTOP-VAPVGGA MINGW64 ~/test/test (main)
$ cd -l
bash: cd: -l: invalid option
cd: usage: cd [-L|[-P [-e]] [-@]] [dir]

User@DESKTOP-VAPVGGA MINGW64 ~/test/test (main)
$ cd ls
bash: cd: ls: No such file or directory

User@DESKTOP-VAPVGGA MINGW64 ~/test/test (main)
$ cd sample-to-pre

User@DESKTOP-VAPVGGA MINGW64 ~/test/test/sample-to-pre (master)
$ git reset HEAD~1
Unstaged changes after reset:
M       wot.txt

User@DESKTOP-VAPVGGA MINGW64 ~/test/test/sample-to-pre (master)
$

User@DESKTOP-VAPVGGA MINGW64 ~/test/test/sample-to-pre (master)
$ git push -f origin master
Enumerating objects: 5, done.
Counting objects: 100% (5/5), done.
Delta compression using up to 4 threads
Compressing objects: 100% (2/2), done.
Writing objects: 100% (3/3), 305 bytes | 305.00 KiB/s, done.
Total 3 (delta 1), reused 1 (delta 0), pack-reused 0
remote: Resolving deltas: 100% (1/1), completed with 1 local object.
To https://github.com/kiking123/sample-to-pre.git
 + b38637e...ba44973 master -> master (forced update)

User@DESKTOP-VAPVGGA MINGW64 ~/test/test/sample-to-pre (master)
$ git revert HEAD
error: Your local changes to the following files would be overwritten by merge:
        wot.txt
Please commit your changes or stash them before you merge.
error: The following untracked working tree files would be overwritten by merge:
        atc/crud.php
        atc/index.php
Please move or remove them before you merge.
Aborting
fatal: revert failed

User@DESKTOP-VAPVGGA MINGW64 ~/test/test/sample-to-pre (master)
$

User@DESKTOP-VAPVGGA MINGW64 ~/test/test/sample-to-pre (master)
$ git reset HEAD~1

User@DESKTOP-VAPVGGA MINGW64 ~/test/test/sample-to-pre (master)

----------------

hahahah?
